[2026-09-21 09:43:29] Executing bootstrap tasks
[2026-09-21 09:43:29] OpenJDK Runtime Environment 21.0.12.1+1-LTS
[2026-09-21 09:43:29] Product org.eclipse.products.epp.package.java.2026-09
[2026-09-21 09:43:29] Bundle org.eclipse.oomph.setup 1.35.0.v20260610-1138, build=1594, branch=eece35e9ce40371d2f61936d0bed88bca1f868bd
[2026-09-21 09:43:29] Bundle org.eclipse.oomph.setup.core 1.37.0.v20260831-1248, build=1594, branch=eece35e9ce40371d2f61936d0bed88bca1f868bd
[2026-09-21 09:43:29] Bundle org.eclipse.oomph.setup.p2 1.25.0.v20260721-1315, build=1594, branch=eece35e9ce40371d2f61936d0bed88bca1f868bd
[2026-09-21 09:43:29] Performing P2 Director (Eclipse IDE for Java Developers (2026-09) + JRE 26.0.2.1)
[2026-09-21 09:43:29] Offline = false
[2026-09-21 09:43:29] Mirrors = true
[2026-09-21 09:43:29] Resolving 29 requirements from 4 repositories to C:\25 aug 2026 Java Backend\Wrokspace\eclipse
[2026-09-21 09:43:29] Requirement org.eclipse.equinox.p2.iu:epp.package.java [4.41.0,5.0.0) (filter=(|(&(osgi.arch=aarch64)(osgi.os=linux)(osgi.ws=gtk))(&(osgi.arch=aarch64)(osgi.os=macosx)(osgi.ws=cocoa))(&(osgi.arch=aarch64)(osgi.os=win32)(osgi.ws=win32))(&(osgi.arch=riscv64)(osgi.os=linux)(osgi.ws=gtk))(&(osgi.arch=x86_64)(osgi.os=linux)(osgi.ws=gtk))(&(osgi.arch=x86_64)(osgi.os=macosx)(osgi.ws=cocoa))(&(osgi.arch=x86_64)(osgi.os=win32)(osgi.ws=win32))))
[2026-09-21 09:43:29] Requirement org.eclipse.equinox.p2.iu:org.eclipse.buildship.feature.group
[2026-09-21 09:43:29] Requirement org.eclipse.equinox.p2.iu:org.eclipse.eclemma.feature.feature.group
[2026-09-21 09:43:29] Requirement org.eclipse.equinox.p2.iu:org.eclipse.egit.feature.group
[2026-09-21 09:43:29] Requirement org.eclipse.equinox.p2.iu:org.eclipse.epp.mpc.feature.group
[2026-09-21 09:43:29] Requirement org.eclipse.equinox.p2.iu:org.eclipse.jdt.bcoview.feature.feature.group
[2026-09-21 09:43:29] Requirement org.eclipse.equinox.p2.iu:org.eclipse.jdt.feature.group
[2026-09-21 09:43:29] Requirement org.eclipse.equinox.p2.iu:org.eclipse.jgit.feature.group
[2026-09-21 09:43:29] Requirement org.eclipse.equinox.p2.iu:org.eclipse.justj.openjdk.hotspot.jre.full.feature.group (filter=(|(&(osgi.arch=aarch64)(osgi.os=linux))(&(osgi.arch=aarch64)(osgi.os=macosx))(&(osgi.arch=ppc64le)(osgi.os=linux))(&(osgi.arch=riscv64)(osgi.os=linux))(&(osgi.arch=x86_64)(osgi.os=linux))(&(osgi.arch=x86_64)(osgi.os=macosx))(&(osgi.arch=x86_64)(osgi.os=win32))))
[2026-09-21 09:43:29] Requirement org.eclipse.equinox.p2.iu:org.eclipse.m2e.feature.feature.group
[2026-09-21 09:43:29] Requirement org.eclipse.equinox.p2.iu:org.eclipse.m2e.lemminx.feature.feature.group
[2026-09-21 09:43:29] Requirement org.eclipse.equinox.p2.iu:org.eclipse.m2e.logback.feature.feature.group
[2026-09-21 09:43:29] Requirement org.eclipse.equinox.p2.iu:org.eclipse.mylyn.commons.activity.feature.feature.group
[2026-09-21 09:43:29] Requirement org.eclipse.equinox.p2.iu:org.eclipse.mylyn.egit.feature.feature.group
[2026-09-21 09:43:29] Requirement org.eclipse.equinox.p2.iu:org.eclipse.mylyn.git.feature.feature.group
[2026-09-21 09:43:29] Requirement org.eclipse.equinox.p2.iu:org.eclipse.mylyn.github.feature.feature.group
[2026-09-21 09:43:29] Requirement org.eclipse.equinox.p2.iu:org.eclipse.mylyn.ide.feature.feature.group
[2026-09-21 09:43:29] Requirement org.eclipse.equinox.p2.iu:org.eclipse.mylyn.jdt.feature.feature.group
[2026-09-21 09:43:29] Requirement org.eclipse.equinox.p2.iu:org.eclipse.mylyn.jenkins.feature.feature.group
[2026-09-21 09:43:29] Requirement org.eclipse.equinox.p2.iu:org.eclipse.mylyn.reviews.feature.feature.group
[2026-09-21 09:43:29] Requirement org.eclipse.equinox.p2.iu:org.eclipse.mylyn.wikitext.feature.feature.group
[2026-09-21 09:43:29] Requirement org.eclipse.equinox.p2.iu:org.eclipse.oomph.setup.feature.group
[2026-09-21 09:43:29] Requirement org.eclipse.equinox.p2.iu:org.eclipse.platform.feature.group [4.41.0,5.0.0)
[2026-09-21 09:43:29] Requirement org.eclipse.equinox.p2.iu:org.eclipse.rcp.feature.group [4.41.0,5.0.0)
[2026-09-21 09:43:29] Requirement org.eclipse.equinox.p2.iu:org.eclipse.terminal.feature.feature.group
[2026-09-21 09:43:29] Requirement org.eclipse.equinox.p2.iu:org.eclipse.tips.feature.feature.group
[2026-09-21 09:43:29] Requirement org.eclipse.equinox.p2.iu:org.eclipse.tm4e.feature.feature.group
[2026-09-21 09:43:29] Requirement org.eclipse.equinox.p2.iu:org.eclipse.tm4e.language_pack.feature.feature.group
[2026-09-21 09:43:29] Requirement org.eclipse.equinox.p2.iu:org.eclipse.wildwebdeveloper.xml.feature.feature.group
[2026-09-21 09:43:29] Repository https://download.eclipse.org/justj/jres/26/updates/release/latest
[2026-09-21 09:43:29] Repository https://download.eclipse.org/technology/epp/packages/2026-09/202609031000
[2026-09-21 09:43:29] Repository https://download.eclipse.org/releases/2026-09/202609091000
[2026-09-21 09:43:29] Repository https://download.eclipse.org/oomph/updates/milestone/latest
[2026-09-21 09:43:32] Calculating requirements and dependencies.
[2026-09-21 09:43:35] Computing prerequisite plan
[2026-09-21 09:43:40] Collecting 1 artifacts from https://download.eclipse.org/releases/2026-09/202609091000
[2026-09-21 09:43:40] Collected 1 artifacts for https://download.eclipse.org/releases/2026-09/202609091000 in 0.001s
[2026-09-21 09:43:40] Collecting 1 artifacts from https://download.eclipse.org/technology/epp/packages/2026-09/202609031000
[2026-09-21 09:43:40] Collected 1 artifacts for https://download.eclipse.org/technology/epp/packages/2026-09/202609031000 in 0.001s
[2026-09-21 09:44:13] Installing bcpg [1.85.0]
[2026-09-21 09:44:13] Installing bcpkix [1.85.0]
[2026-09-21 09:44:13] Installing bcprov [1.85.2]
[2026-09-21 09:44:13] Installing bcutil [1.85.0]
[2026-09-21 09:44:13] Installing biz.aQute.bnd.util [7.4.0.202608180709]
[2026-09-21 09:44:13] Installing biz.aQute.bndlib [7.4.0.202608180709]
[2026-09-21 09:44:13] Installing ch.qos.logback.classic [1.6.3]
[2026-09-21 09:44:13] Installing ch.qos.logback.core [1.6.3]
[2026-09-21 09:44:13] Installing com.evolvedbinary.thirdparty.org.apache.xmlrpc.xmlrpc-client [5.0.0]
[2026-09-21 09:44:13] Installing com.github.weisj.jsvg [2.1.0]
[2026-09-21 09:44:13] Installing com.google.gson [2.14.0]
[2026-09-21 09:44:13] Installing com.google.guava [33.7.1.jre]
[2026-09-21 09:44:13] Installing com.google.guava.failureaccess [1.0.3]
[2026-09-21 09:44:13] Installing com.googlecode.javaewah.JavaEWAH [1.2.3]
[2026-09-21 09:44:13] Installing com.ibm.icu [78.3.0]
[2026-09-21 09:44:13] Installing com.jcraft.jsch [0.1.55.v20230916-1400]
[2026-09-21 09:44:13] Installing com.mountainminds.eclemma.core [3.1.12.202609021052]
[2026-09-21 09:44:13] Installing com.sun.jna [5.19.1.v20260612-1000]
[2026-09-21 09:44:13] Installing com.sun.jna.platform [5.19.1]
[2026-09-21 09:44:13] Installing com.sun.xml.bind.jaxb-osgi [4.0.9]
[2026-09-21 09:44:13] Installing configure.logback.classic [2.7.300.20260831-2044]
[2026-09-21 09:44:13] Installing epp.package.java [4.41.0.20260903-0719]
[2026-09-21 09:44:13] Installing epp.package.java.executable.win32.win32.x86_64 [4.41.0.20260903-0719]
[2026-09-21 09:44:13] Installing epp.package.java.executable.win32.win32.x86_64.eclipse [4.41.0.20260903-0719]
[2026-09-21 09:44:13] Installing jakarta.activation-api [2.1.4]
[2026-09-21 09:44:13] Installing jakarta.annotation-api [3.0.0]
[2026-09-21 09:44:14] Installing jakarta.inject.jakarta.inject-api [1.0.5]
[2026-09-21 09:44:14] Installing jakarta.xml.bind-api [4.0.5]
[2026-09-21 09:44:14] Installing jaxen [2.0.6]
[2026-09-21 09:44:14] Installing junit-jupiter-api [6.1.3]
[2026-09-21 09:44:14] Installing junit-jupiter-engine [5.14.4]
[2026-09-21 09:44:14] Installing junit-jupiter-migrationsupport [5.14.4]
[2026-09-21 09:44:14] Installing junit-jupiter-params [6.1.3]
[2026-09-21 09:44:14] Installing junit-platform-commons [6.1.3]
[2026-09-21 09:44:14] Installing junit-platform-engine [1.14.4]
[2026-09-21 09:44:14] Installing junit-platform-launcher [6.1.3]
[2026-09-21 09:44:14] Installing junit-platform-runner [1.14.4]
[2026-09-21 09:44:14] Installing junit-platform-suite-api [1.14.4]
[2026-09-21 09:44:14] Installing junit-platform-suite-commons [1.14.4]
[2026-09-21 09:44:14] Installing junit-platform-suite-engine [6.1.3]
[2026-09-21 09:44:14] Installing junit-vintage-engine [5.14.4]
[2026-09-21 09:44:14] Installing net.bytebuddy.byte-buddy-agent [1.18.12]
[2026-09-21 09:44:14] Installing org.apache.ant [1.10.17.v20260410-1000]
[2026-09-21 09:44:14] Installing org.apache.aries.spifly.dynamic.bundle [1.3.7]
[2026-09-21 09:44:14] Installing org.apache.batik.constants [1.19.0.v20250506-1400]
[2026-09-21 09:44:14] Installing org.apache.batik.css [1.19.0.v20250506-1400]
[2026-09-21 09:44:14] Installing org.apache.batik.i18n [1.19.0.v20250506-1400]
[2026-09-21 09:44:14] Installing org.apache.batik.util [1.19.0.v20250506-1400]
[2026-09-21 09:44:14] Installing org.apache.commons.cli [1.11.0]
[2026-09-21 09:44:14] Installing org.apache.commons.commons-codec [1.22.1]
[2026-09-21 09:44:14] Installing org.apache.commons.commons-collections4 [4.6.0]
[2026-09-21 09:44:14] Installing org.apache.commons.commons-compress [1.28.0]
[2026-09-21 09:44:14] Installing org.apache.commons.commons-io [2.22.0]
[2026-09-21 09:44:14] Installing org.apache.commons.commons-logging [1.4.0]
[2026-09-21 09:44:14] Installing org.apache.commons.httpclient [3.1.0.v20240401-1000]
[2026-09-21 09:44:14] Installing org.apache.commons.lang3 [3.20.0]
[2026-09-21 09:44:14] Installing org.apache.commons.logging [1.2.0]
[2026-09-21 09:44:14] Installing org.apache.commons.text [1.15.0]
[2026-09-21 09:44:14] Installing org.apache.felix.gogo.command [1.1.2]
[2026-09-21 09:44:14] Installing org.apache.felix.gogo.runtime [1.1.6]
[2026-09-21 09:44:14] Installing org.apache.felix.gogo.shell [1.1.4]
[2026-09-21 09:44:14] Installing org.apache.felix.scr [2.2.18]
[2026-09-21 09:44:14] Installing org.apache.httpcomponents.client5.httpclient5 [5.6.4.v20260809-1000]
[2026-09-21 09:44:14] Installing org.apache.httpcomponents.client5.httpclient5-win [5.2.3.v20231203-1619]
[2026-09-21 09:44:14] Installing org.apache.httpcomponents.core5.httpcore5 [5.4.3.v20260625-1000]
[2026-09-21 09:44:14] Installing org.apache.httpcomponents.core5.httpcore5-h2 [5.4.3.v20260625-1000]
[2026-09-21 09:44:14] Installing org.apache.httpcomponents.httpclient [4.5.14]
[2026-09-21 09:44:14] Installing org.apache.httpcomponents.httpcore [4.4.16]
[2026-09-21 09:44:14] Installing org.apache.lucene.analysis-common [10.5.1.v20260812-1000]
[2026-09-21 09:44:14] Installing org.apache.lucene.analysis-smartcn [10.5.1.v20260812-1000]
[2026-09-21 09:44:14] Installing org.apache.lucene.core [10.5.1.v20260812-1000]
[2026-09-21 09:44:14] Installing org.apache.lucene.facet [10.5.1.v20260812-1000]
[2026-09-21 09:44:14] Installing org.apache.lucene.queries [10.5.1.v20260812-1000]
[2026-09-21 09:44:14] Installing org.apache.lucene.queryparser [10.5.1.v20260812-1000]
[2026-09-21 09:44:14] Installing org.apache.lucene.sandbox [10.5.1.v20260812-1000]
[2026-09-21 09:44:14] Installing org.apache.sshd.osgi [2.19.0]
[2026-09-21 09:44:14] Installing org.apache.sshd.sftp [2.19.0]
[2026-09-21 09:44:14] Installing org.apache.tika.core [3.3.2]
[2026-09-21 09:44:14] Installing org.apache.ws.commons.util [1.0.2.v20230723-0712]
[2026-09-21 09:44:14] Installing org.apache.xerces [2.12.2.v20230928-1306]
[2026-09-21 09:44:14] Installing org.apache.xml.resolver [1.2.0.v20230928-1222]
[2026-09-21 09:44:14] Installing org.apache.xmlgraphics [2.11.0.v20250506-1400]
[2026-09-21 09:44:14] Installing org.apiguardian.api [1.1.2]
[2026-09-21 09:44:14] Installing org.commonmark [0.30.0]
[2026-09-21 09:44:14] Installing org.commonmark.ext-gfm-tables [0.30.0]
[2026-09-21 09:44:14] Installing org.eclipse.ant.core [3.7.1000.v20260602-0655]
[2026-09-21 09:44:14] Installing org.eclipse.ant.launching [1.4.1200.v20260722-1046]
[2026-09-21 09:44:14] Installing org.eclipse.ant.ui [3.10.600.v20260713-0848]
[2026-09-21 09:44:14] Installing org.eclipse.buildship.branding [3.1.11.v20250904-1000]
[2026-09-21 09:44:14] Installing org.eclipse.buildship.compat [3.1.11.v20250904-1000]
[2026-09-21 09:44:14] Installing org.eclipse.buildship.core [3.1.11.v20250904-1000]
[2026-09-21 09:44:14] Installing org.eclipse.buildship.feature.group [3.1.11.v20250904-1000]
[2026-09-21 09:44:14] Installing org.eclipse.buildship.feature.jar [3.1.11.v20250904-1000]
[2026-09-21 09:44:14] Installing org.eclipse.buildship.ui [3.1.11.v20250904-1000]
[2026-09-21 09:44:14] Installing org.eclipse.cdt.core.native [6.6.200.202603111352]
[2026-09-21 09:44:14] Installing org.eclipse.cdt.core.win32 [6.1.300.202512020204]
[2026-09-21 09:44:14] Installing org.eclipse.cdt.core.win32.x86_64 [12.6.0.202608191700]
[2026-09-21 09:44:14] Installing org.eclipse.compare [3.12.200.v20260814-1536]
[2026-09-21 09:44:14] Installing org.eclipse.compare.core [3.8.900.v20260731-0809]
[2026-09-21 09:44:14] Installing org.eclipse.compare.win32 [1.3.900.v20260623-2002]
[2026-09-21 09:44:14] Installing org.eclipse.core.commands [3.13.0.v20260605-1749]
[2026-09-21 09:44:14] Installing org.eclipse.core.contenttype [3.9.900.v20260617-0626]
[2026-09-21 09:44:14] Installing org.eclipse.core.databinding [1.13.800.v20260531-1157]
[2026-09-21 09:44:14] Installing org.eclipse.core.databinding.beans [1.10.500.v20250916-0941]
[2026-09-21 09:44:14] Installing org.eclipse.core.databinding.observable [1.13.500.v20251103-0735]
[2026-09-21 09:44:14] Installing org.eclipse.core.databinding.property [1.10.500.v20250916-0931]
[2026-09-21 09:44:14] Installing org.eclipse.core.expressions [3.9.700.v20260710-0925]
[2026-09-21 09:44:14] Installing org.eclipse.core.externaltools [1.3.600.v20260307-0017]
[2026-09-21 09:44:14] Installing org.eclipse.core.filebuffers [3.8.600.v20260426-1223]
[2026-09-21 09:44:14] Installing org.eclipse.core.filesystem [1.11.500.v20260721-1509]
[2026-09-21 09:44:14] Installing org.eclipse.core.jobs [3.15.900.v20260604-0622]
[2026-09-21 09:44:14] Installing org.eclipse.core.net [1.5.900.v20260507-0401]
[2026-09-21 09:44:14] Installing org.eclipse.core.resources [3.24.100.v20260812-0827]
[2026-09-21 09:44:14] Installing org.eclipse.core.runtime [3.35.0.v20260623-1631]
[2026-09-21 09:44:14] Installing org.eclipse.core.variables [3.6.900.v20260602-0702]
[2026-09-21 09:44:14] Installing org.eclipse.debug.core [3.24.0.v20260714-0955]
[2026-09-21 09:44:14] Installing org.eclipse.debug.ui [3.22.0.v20260817-0925]
[2026-09-21 09:44:14] Installing org.eclipse.debug.ui.launchview [1.2.200.v20260604-1050]
[2026-09-21 09:44:14] Installing org.eclipse.e4.core.commands [1.1.800.v20260430-1313]
[2026-09-21 09:44:14] Installing org.eclipse.e4.core.contexts [1.13.300.v20260605-0605]
[2026-09-21 09:44:14] Installing org.eclipse.e4.core.di [1.9.900.v20260731-1431]
[2026-09-21 09:44:14] Installing org.eclipse.e4.core.di.annotations [1.8.500.v20260307-0017]
[2026-09-21 09:44:14] Installing org.eclipse.e4.core.di.extensions [0.18.300.v20240413-1529]
[2026-09-21 09:44:14] Installing org.eclipse.e4.core.di.extensions.supplier [0.17.1200.v20260605-0608]
[2026-09-21 09:44:14] Installing org.eclipse.e4.core.services [2.5.400.v20260430-1313]
[2026-09-21 09:44:14] Installing org.eclipse.e4.emf.xpath [0.6.100.v20251103-0738]
[2026-09-21 09:44:14] Installing org.eclipse.e4.rcp.feature.group [4.41.0.v20260819-1952]
[2026-09-21 09:44:14] Installing org.eclipse.e4.rcp.feature.jar [4.41.0.v20260819-1952]
[2026-09-21 09:44:14] Installing org.eclipse.e4.ui.bindings [0.15.200.v20260616-1114]
[2026-09-21 09:44:14] Installing org.eclipse.e4.ui.css.core [0.14.800.v20260730-1500]
[2026-09-21 09:44:14] Installing org.eclipse.e4.ui.css.swt [0.17.100.v20260730-1116]
[2026-09-21 09:44:14] Installing org.eclipse.e4.ui.css.swt.theme [0.15.200.v20260806-0515]
[2026-09-21 09:44:14] Installing org.eclipse.e4.ui.di [1.5.700.v20250917-0901]
[2026-09-21 09:44:14] Installing org.eclipse.e4.ui.dialogs [1.7.200.v20260612-1449]
[2026-09-21 09:44:14] Installing org.eclipse.e4.ui.ide [3.18.0.v20251217-1052]
[2026-09-21 09:44:14] Installing org.eclipse.e4.ui.model.workbench [2.4.900.v20260604-1631]
[2026-09-21 09:44:14] Installing org.eclipse.e4.ui.progress [0.5.100.v20260516-1214]
[2026-09-21 09:44:14] Installing org.eclipse.e4.ui.services [1.6.700.v20260430-1313]
[2026-09-21 09:44:14] Installing org.eclipse.e4.ui.widgets [1.5.0.v20251217-1052]
[2026-09-21 09:44:14] Installing org.eclipse.e4.ui.workbench [1.18.300.v20260430-1313]
[2026-09-21 09:44:14] Installing org.eclipse.e4.ui.workbench.addons.swt [1.6.100.v20260430-1313]
[2026-09-21 09:44:14] Installing org.eclipse.e4.ui.workbench.renderers.swt [0.18.100.v20260622-1026]
[2026-09-21 09:44:14] Installing org.eclipse.e4.ui.workbench.swt [0.18.200.v20260707-1437]
[2026-09-21 09:44:14] Installing org.eclipse.e4.ui.workbench3 [0.18.0.v20251216-1230]
[2026-09-21 09:44:14] Installing org.eclipse.ecf [3.13.100.v20260415-2025]
[2026-09-21 09:44:14] Installing org.eclipse.ecf.discovery [5.3.0.v20241230-2050]
[2026-09-21 09:44:14] Installing org.eclipse.ecf.filetransfer [5.1.103.v20230705-0614]
[2026-09-21 09:44:14] Installing org.eclipse.ecf.identity [3.10.200.v20260415-2025]
[2026-09-21 09:44:14] Installing org.eclipse.ecf.provider.filetransfer [3.3.100.v20250115-0406]
[2026-09-21 09:44:14] Installing org.eclipse.ecf.provider.filetransfer.httpclient5 [1.1.200.v20260320-2342]
[2026-09-21 09:44:14] Installing org.eclipse.ecf.provider.filetransfer.httpclient5.win32 [1.1.200.v20250122-1953]
[2026-09-21 09:44:14] Installing org.eclipse.ecf.provider.filetransfer.httpclientjava [2.1.1.v20250818-1641]
[2026-09-21 09:44:14] Installing org.eclipse.ecf.provider.jmdns [4.4.0.v20231021-2050]
[2026-09-21 09:44:14] Installing org.eclipse.eclemma.core [3.1.12.202609021052]
[2026-09-21 09:44:14] Installing org.eclipse.eclemma.doc [3.1.12.202609021052]
[2026-09-21 09:44:14] Installing org.eclipse.eclemma.feature.feature.group [3.1.12.202609021052]
[2026-09-21 09:44:14] Installing org.eclipse.eclemma.feature.feature.jar [3.1.12.202609021052]
[2026-09-21 09:44:14] Installing org.eclipse.eclemma.ui [3.1.12.202609021052]
[2026-09-21 09:44:14] Installing org.eclipse.egit [7.8.0.202609011348-r]
[2026-09-21 09:44:14] Installing org.eclipse.egit.core [7.8.0.202609011348-r]
[2026-09-21 09:44:14] Installing org.eclipse.egit.doc [7.8.0.202609011348-r]
[2026-09-21 09:44:14] Installing org.eclipse.egit.feature.group [7.8.0.202609011348-r]
[2026-09-21 09:44:14] Installing org.eclipse.egit.feature.jar [7.8.0.202609011348-r]
[2026-09-21 09:44:14] Installing org.eclipse.egit.github.core [6.13.0.v20260728-0523]
[2026-09-21 09:44:14] Installing org.eclipse.egit.ui [7.8.0.202609011348-r]
[2026-09-21 09:44:14] Installing org.eclipse.emf.common [2.46.0.v20260704-1256]
[2026-09-21 09:44:14] Installing org.eclipse.emf.common.ui [2.28.0.v20260704-1256]
[2026-09-21 09:44:14] Installing org.eclipse.emf.databinding [1.10.0.v20260704-1256]
[2026-09-21 09:44:14] Installing org.eclipse.emf.ecore [2.43.0.v20260704-1256]
[2026-09-21 09:44:14] Installing org.eclipse.emf.ecore.change [2.18.0.v20260704-1256]
[2026-09-21 09:44:14] Installing org.eclipse.emf.ecore.edit [2.16.0.v20260704-1256]
[2026-09-21 09:44:14] Installing org.eclipse.emf.ecore.xmi [2.41.0.v20260704-1256]
[2026-09-21 09:44:14] Installing org.eclipse.emf.edit [2.24.0.v20260704-1256]
[2026-09-21 09:44:14] Installing org.eclipse.emf.edit.ui [2.28.0.v20260704-1256]
[2026-09-21 09:44:14] Installing org.eclipse.epp.mpc.core [1.13.1.v20260819-1736]
[2026-09-21 09:44:14] Installing org.eclipse.epp.mpc.core.win32 [1.13.1.v20260819-1736]
[2026-09-21 09:44:14] Installing org.eclipse.epp.mpc.feature.group [1.13.1.v20260819-1736]
[2026-09-21 09:44:14] Installing org.eclipse.epp.mpc.feature.jar [1.13.1.v20260819-1736]
[2026-09-21 09:44:14] Installing org.eclipse.epp.mpc.help.ui [1.13.1.v20260819-1736]
[2026-09-21 09:44:14] Installing org.eclipse.epp.mpc.ui [1.13.1.v20260819-1736]
[2026-09-21 09:44:14] Installing org.eclipse.epp.mpc.ui.css [1.13.1.v20260819-1736]
[2026-09-21 09:44:14] Installing org.eclipse.epp.package.common [4.41.0.20260903-0719]
[2026-09-21 09:44:14] Installing org.eclipse.epp.package.common.feature.feature.group [4.41.0.20260903-0719]
[2026-09-21 09:44:14] Installing org.eclipse.epp.package.common.feature.feature.jar [4.41.0.20260903-0719]
[2026-09-21 09:44:14] Installing org.eclipse.epp.package.java [4.41.0.20260903-0719]
[2026-09-21 09:44:14] Installing org.eclipse.epp.package.java.feature.feature.group [4.41.0.20260903-0719]
[2026-09-21 09:44:14] Installing org.eclipse.epp.package.java.feature.feature.jar [4.41.0.20260903-0719]
[2026-09-21 09:44:14] Installing org.eclipse.equinox.app [1.7.600.v20251211-1038]
[2026-09-21 09:44:14] Installing org.eclipse.equinox.bidi [1.5.400.v20250715-0436]
[2026-09-21 09:44:14] Installing org.eclipse.equinox.common [3.21.0.v20260604-1221]
[2026-09-21 09:44:14] Installing org.eclipse.equinox.concurrent [1.3.500.v20260307-0016]
[2026-09-21 09:44:14] Installing org.eclipse.equinox.console [1.4.1100.v20250722-0745]
[2026-09-21 09:44:14] Installing org.eclipse.equinox.event [1.7.300.v20250518-0609]
[2026-09-21 09:44:14] Installing org.eclipse.equinox.frameworkadmin [2.3.600.v20260306-0554]
[2026-09-21 09:44:14] Installing org.eclipse.equinox.frameworkadmin.equinox [1.3.400.v20250515-0513]
[2026-09-21 09:44:14] Installing org.eclipse.equinox.http.jetty [3.9.700.v20260513-0740]
[2026-09-21 09:44:14] Installing org.eclipse.equinox.http.registry [1.4.400.v20250611-0943]
[2026-09-21 09:44:14] Installing org.eclipse.equinox.http.service.api [1.2.202.v20260307-0016]
[2026-09-21 09:44:14] Installing org.eclipse.equinox.http.servlet [1.8.600.v20251111-0344]
[2026-09-21 09:44:14] Installing org.eclipse.equinox.jsp.jasper [1.2.400.v20250720-1532]
[2026-09-21 09:44:14] Installing org.eclipse.equinox.jsp.jasper.registry [1.3.300.v20250807-0756]
[2026-09-21 09:44:14] Installing org.eclipse.equinox.launcher [1.8.0.v20260804-1928]
[2026-09-21 09:44:14] Installing org.eclipse.equinox.launcher.win32.win32.x86_64 [1.3.100.v20260804-1928]
[2026-09-21 09:44:14] Installing org.eclipse.equinox.p2.artifact.repository [1.5.1000.v20260713-1500]
[2026-09-21 09:44:14] Installing org.eclipse.equinox.p2.console [1.3.700.v20250515-0507]
[2026-09-21 09:44:14] Installing org.eclipse.equinox.p2.core [2.13.300.v20260108-1444]
[2026-09-21 09:44:14] Installing org.eclipse.equinox.p2.core.feature.feature.group [1.7.1200.v20260730-1413]
[2026-09-21 09:44:14] Installing org.eclipse.equinox.p2.core.feature.feature.jar [1.7.1200.v20260730-1413]
[2026-09-21 09:44:14] Installing org.eclipse.equinox.p2.director [2.6.900.v20260512-1529]
[2026-09-21 09:44:14] Installing org.eclipse.equinox.p2.director.app [1.3.1000.v20260305-0817]
[2026-09-21 09:44:14] Installing org.eclipse.equinox.p2.directorywatcher [1.4.800.v20250922-0444]
[2026-09-21 09:44:14] Installing org.eclipse.equinox.p2.discovery [1.3.700.v20250616-0711]
[2026-09-21 09:44:14] Installing org.eclipse.equinox.p2.discovery.compatibility [1.3.700.v20250516-0530]
[2026-09-21 09:44:14] Installing org.eclipse.equinox.p2.discovery.feature.feature.group [1.3.1200.v20260728-0949]
[2026-09-21 09:44:14] Installing org.eclipse.equinox.p2.discovery.feature.feature.jar [1.3.1200.v20260728-0949]
[2026-09-21 09:44:14] Installing org.eclipse.equinox.p2.engine [2.11.200.v20260710-0940]
[2026-09-21 09:44:14] Installing org.eclipse.equinox.p2.extensionlocation [1.5.700.v20250720-1526]
[2026-09-21 09:44:14] Installing org.eclipse.equinox.p2.extras.feature.feature.group [1.4.3300.v20260809-0656]
[2026-09-21 09:44:14] Installing org.eclipse.equinox.p2.extras.feature.feature.jar [1.4.3300.v20260809-0656]
[2026-09-21 09:44:14] Installing org.eclipse.equinox.p2.garbagecollector [1.3.700.v20250715-0459]
[2026-09-21 09:44:14] Installing org.eclipse.equinox.p2.jarprocessor [1.3.700.v20260304-1232]
[2026-09-21 09:44:14] Installing org.eclipse.equinox.p2.metadata [2.9.800.v20260727-1351]
[2026-09-21 09:44:14] Installing org.eclipse.equinox.p2.metadata.repository [1.5.800.v20260304-1232]
[2026-09-21 09:44:14] Installing org.eclipse.equinox.p2.operations [2.7.800.v20260304-0655]
[2026-09-21 09:44:14] Installing org.eclipse.equinox.p2.publisher [1.9.700.v20260512-1529]
[2026-09-21 09:44:14] Installing org.eclipse.equinox.p2.publisher.eclipse [1.6.900.v20260809-0656]
[2026-09-21 09:44:14] Installing org.eclipse.equinox.p2.rcp.feature.feature.group [1.4.3300.v20260803-1203]
[2026-09-21 09:44:14] Installing org.eclipse.equinox.p2.rcp.feature.feature.jar [1.4.3300.v20260803-1203]
[2026-09-21 09:44:14] Installing org.eclipse.equinox.p2.reconciler.dropins [1.5.800.v20251111-0852]
[2026-09-21 09:44:14] Installing org.eclipse.equinox.p2.repository [2.9.800.v20260730-1413]
[2026-09-21 09:44:14] Installing org.eclipse.equinox.p2.repository.tools [2.4.1000.v20260304-1232]
[2026-09-21 09:44:14] Installing org.eclipse.equinox.p2.touchpoint.eclipse [2.4.600.v20250722-0413]
[2026-09-21 09:44:14] Installing org.eclipse.equinox.p2.touchpoint.natives [1.5.900.v20260304-0711]
[2026-09-21 09:44:14] Installing org.eclipse.equinox.p2.transport.ecf [1.4.800.v20260730-1413]
[2026-09-21 09:44:14] Installing org.eclipse.equinox.p2.ui [2.9.200.v20260803-1203]
[2026-09-21 09:44:14] Installing org.eclipse.equinox.p2.ui.discovery [1.4.200.v20260728-0949]
[2026-09-21 09:44:14] Installing org.eclipse.equinox.p2.ui.importexport [1.5.200.v20260728-0949]
[2026-09-21 09:44:14] Installing org.eclipse.equinox.p2.ui.sdk [1.4.200.v20260728-0949]
[2026-09-21 09:44:14] Installing org.eclipse.equinox.p2.ui.sdk.scheduler [1.7.200.v20260730-1701]
[2026-09-21 09:44:14] Installing org.eclipse.equinox.p2.updatechecker [1.4.600.v20250728-0401]
[2026-09-21 09:44:14] Installing org.eclipse.equinox.p2.updatesite [1.3.900.v20260305-0658]
[2026-09-21 09:44:14] Installing org.eclipse.equinox.p2.user.ui.feature.group [2.4.3300.v20260809-0656]
[2026-09-21 09:44:14] Installing org.eclipse.equinox.p2.user.ui.feature.jar [2.4.3300.v20260809-0656]
[2026-09-21 09:44:14] Installing org.eclipse.equinox.preferences [3.12.100.v20251111-0704]
[2026-09-21 09:44:14] Installing org.eclipse.equinox.registry [3.12.600.v20250906-0651]
[2026-09-21 09:44:14] Installing org.eclipse.equinox.security [1.4.700.v20250622-1644]
[2026-09-21 09:44:14] Installing org.eclipse.equinox.security.ui [1.4.800.v20260604-1636]
[2026-09-21 09:44:14] Installing org.eclipse.equinox.security.win32 [1.3.0.v20240419-2334]
[2026-09-21 09:44:14] Installing org.eclipse.equinox.simpleconfigurator [1.5.700.v20251111-1031]
[2026-09-21 09:44:14] Installing org.eclipse.equinox.simpleconfigurator.manipulator [2.3.700.v20260306-0556]
[2026-09-21 09:44:14] Installing org.eclipse.help [3.11.200.v20260710-0925]
[2026-09-21 09:44:14] Installing org.eclipse.help.base [4.6.200.v20260828-1142]
[2026-09-21 09:44:14] Installing org.eclipse.help.feature.group [2.3.2700.v20260828-1142]
[2026-09-21 09:44:14] Installing org.eclipse.help.feature.jar [2.3.2700.v20260828-1142]
[2026-09-21 09:44:14] Installing org.eclipse.help.ui [4.8.500.v20260710-0925]
[2026-09-21 09:44:14] Installing org.eclipse.help.webapp [3.12.600.v20260710-0925]
[2026-09-21 09:44:14] Installing org.eclipse.jdt [3.19.1400.v20260828-1142]
[2026-09-21 09:44:14] Installing org.eclipse.jdt.annotation [2.4.100.v20251017-1955]
[2026-09-21 09:44:14] Installing org.eclipse.jdt.apt.core [3.8.800.v20260608-1927]
[2026-09-21 09:44:14] Installing org.eclipse.jdt.apt.pluggable.core [1.4.700.v20251202-0459]
[2026-09-21 09:44:14] Installing org.eclipse.jdt.apt.ui [3.8.700.v20250319-0715]
[2026-09-21 09:44:14] Installing org.eclipse.jdt.bcoview [1.3.0.v20250114-1355]
[2026-09-21 09:44:14] Installing org.eclipse.jdt.bcoview.feature.feature.group [1.2.800.v20251229-1458]
[2026-09-21 09:44:14] Installing org.eclipse.jdt.bcoview.feature.feature.jar [1.2.800.v20251229-1458]
[2026-09-21 09:44:14] Installing org.eclipse.jdt.core [3.47.0.v20260828-1141]
[2026-09-21 09:44:14] Installing org.eclipse.jdt.core.compiler.batch [3.46.100.v20260826-1225]
[2026-09-21 09:44:14] Installing org.eclipse.jdt.core.formatterapp [1.2.300.v20241001-0914]
[2026-09-21 09:44:14] Installing org.eclipse.jdt.core.manipulation [1.25.0.v20260813-1704]
[2026-09-21 09:44:14] Installing org.eclipse.jdt.debug [3.26.100.v20260714-1432]
[2026-09-21 09:44:14] Installing org.eclipse.jdt.debug.ui [3.15.500.v20260722-1406]
[2026-09-21 09:44:14] Installing org.eclipse.jdt.doc.user [4.41.0.v20260529-2046]
[2026-09-21 09:44:14] Installing org.eclipse.jdt.feature.group [3.20.700.v20260828-1142]
[2026-09-21 09:44:14] Installing org.eclipse.jdt.feature.jar [3.20.700.v20260828-1142]
[2026-09-21 09:44:14] Installing org.eclipse.jdt.junit [3.17.600.v20260715-0726]
[2026-09-21 09:44:14] Installing org.eclipse.jdt.junit.core [3.15.0.v20260713-1834]
[2026-09-21 09:44:14] Installing org.eclipse.jdt.junit.runtime [3.8.100.v20260507-0922]
[2026-09-21 09:44:14] Installing org.eclipse.jdt.junit4.runtime [1.4.100.v20260507-0922]
[2026-09-21 09:44:14] Installing org.eclipse.jdt.junit5.runtime [1.2.100.v20260507-0922]
[2026-09-21 09:44:14] Installing org.eclipse.jdt.junit6.runtime [1.0.200.v20260507-0922]
[2026-09-21 09:44:14] Installing org.eclipse.jdt.launching [3.24.300.v20260609-0435]
[2026-09-21 09:44:14] Installing org.eclipse.jdt.ui [3.39.0.v20260812-2133]
[2026-09-21 09:44:14] Installing org.eclipse.jetty.ee8.security [12.1.12]
[2026-09-21 09:44:14] Installing org.eclipse.jetty.ee8.server [12.1.12]
[2026-09-21 09:44:14] Installing org.eclipse.jetty.ee8.servlet [12.1.12]
[2026-09-21 09:44:14] Installing org.eclipse.jetty.http [12.1.12]
[2026-09-21 09:44:14] Installing org.eclipse.jetty.io [12.1.12]
[2026-09-21 09:44:14] Installing org.eclipse.jetty.security [12.1.12]
[2026-09-21 09:44:14] Installing org.eclipse.jetty.server [12.1.12]
[2026-09-21 09:44:14] Installing org.eclipse.jetty.servlet-api [4.0.9]
[2026-09-21 09:44:14] Installing org.eclipse.jetty.session [12.1.12]
[2026-09-21 09:44:14] Installing org.eclipse.jetty.util [12.1.12]
[2026-09-21 09:44:14] Installing org.eclipse.jface [3.40.0.v20260710-0650]
[2026-09-21 09:44:14] Installing org.eclipse.jface.databinding [1.16.0.v20251216-1230]
[2026-09-21 09:44:14] Installing org.eclipse.jface.notifications [0.8.100.v20260326-1607]
[2026-09-21 09:44:14] Installing org.eclipse.jface.text [3.31.100.v20260814-0956]
[2026-09-21 09:44:14] Installing org.eclipse.jgit [7.8.0.202609011348-r]
[2026-09-21 09:44:14] Installing org.eclipse.jgit.archive [7.8.0.202609011348-r]
[2026-09-21 09:44:14] Installing org.eclipse.jgit.feature.group [7.8.0.202609011348-r]
[2026-09-21 09:44:14] Installing org.eclipse.jgit.feature.jar [7.8.0.202609011348-r]
[2026-09-21 09:44:14] Installing org.eclipse.jgit.gpg.bc [7.8.0.202609011348-r]
[2026-09-21 09:44:14] Installing org.eclipse.jgit.gpg.bc.feature.group [7.8.0.202609011348-r]
[2026-09-21 09:44:14] Installing org.eclipse.jgit.gpg.bc.feature.jar [7.8.0.202609011348-r]
[2026-09-21 09:44:14] Installing org.eclipse.jgit.http.apache [7.8.0.202609011348-r]
[2026-09-21 09:44:14] Installing org.eclipse.jgit.http.apache.feature.group [7.8.0.202609011348-r]
[2026-09-21 09:44:14] Installing org.eclipse.jgit.http.apache.feature.jar [7.8.0.202609011348-r]
[2026-09-21 09:44:14] Installing org.eclipse.jgit.ssh.apache [7.8.0.202609011348-r]
[2026-09-21 09:44:14] Installing org.eclipse.jgit.ssh.apache.agent [7.8.0.202609011348-r]
[2026-09-21 09:44:14] Installing org.eclipse.jgit.ssh.apache.feature.group [7.8.0.202609011348-r]
[2026-09-21 09:44:14] Installing org.eclipse.jgit.ssh.apache.feature.jar [7.8.0.202609011348-r]
[2026-09-21 09:44:14] Installing org.eclipse.jsch.core [1.5.800.v20260605-1311]
[2026-09-21 09:44:14] Installing org.eclipse.jsch.ui [1.6.100.v20260324-1859]
[2026-09-21 09:44:14] Installing org.eclipse.justj.openjdk.hotspot.jre.full [26.0.2.v20260901-1502]
[2026-09-21 09:44:14] Installing org.eclipse.justj.openjdk.hotspot.jre.full.feature.group [26.0.2.v20260901-1502]
[2026-09-21 09:44:14] Installing org.eclipse.justj.openjdk.hotspot.jre.full.feature.jar [26.0.2.v20260901-1502]
[2026-09-21 09:44:14] Installing org.eclipse.justj.openjdk.hotspot.jre.full.win32.x86_64 [26.0.2.v20260901-1502]
[2026-09-21 09:44:14] Installing org.eclipse.lemminx.uber-jar [0.31.2]
[2026-09-21 09:44:14] Installing org.eclipse.lsp4e [0.19.15.202608181341]
[2026-09-21 09:44:14] Installing org.eclipse.lsp4j [1.0.0.v20260209-1721]
[2026-09-21 09:44:14] Installing org.eclipse.lsp4j.jsonrpc [1.0.0.v20260209-1721]
[2026-09-21 09:44:14] Installing org.eclipse.ltk.core.refactoring [3.16.0.v20260702-0744]
[2026-09-21 09:44:14] Installing org.eclipse.ltk.ui.refactoring [3.14.200.v20260702-0744]
[2026-09-21 09:44:14] Installing org.eclipse.m2e.apt.core [2.3.200.20260815-0704]
[2026-09-21 09:44:14] Installing org.eclipse.m2e.apt.ui [2.0.600.20250418-1315]
[2026-09-21 09:44:14] Installing org.eclipse.m2e.archetype.catalog [3.2.1.2]
[2026-09-21 09:44:14] Installing org.eclipse.m2e.archetype.common [3.2.104]
[2026-09-21 09:44:14] Installing org.eclipse.m2e.archetype.descriptor [3.2.1.2]
[2026-09-21 09:44:14] Installing org.eclipse.m2e.archetype.maven-artifact-transfer [0.13.1.2]
[2026-09-21 09:44:14] Installing org.eclipse.m2e.binaryproject [2.2.100.20250418-1315]
[2026-09-21 09:44:14] Installing org.eclipse.m2e.binaryproject.ui [2.1.100.20250418-1315]
[2026-09-21 09:44:14] Installing org.eclipse.m2e.core [2.8.0.20260815-0704]
[2026-09-21 09:44:14] Installing org.eclipse.m2e.core.ui [2.4.201.20260326-1445]
[2026-09-21 09:44:14] Installing org.eclipse.m2e.discovery [2.1.100.20250418-1315]
[2026-09-21 09:44:14] Installing org.eclipse.m2e.editor [2.1.200.20250811-2022]
[2026-09-21 09:44:14] Installing org.eclipse.m2e.editor.lemminx [2.0.901.20250727-0612]
[2026-09-21 09:44:14] Installing org.eclipse.m2e.editor.lemminx.bnd [1.0.0.20250208-1755]
[2026-09-21 09:44:14] Installing org.eclipse.m2e.feature.feature.group [2.11.0.20260815-0704]
[2026-09-21 09:44:14] Installing org.eclipse.m2e.feature.feature.jar [2.11.0.20260815-0704]
[2026-09-21 09:44:14] Installing org.eclipse.m2e.jdt [2.5.300.20260813-1359]
[2026-09-21 09:44:14] Installing org.eclipse.m2e.jdt.ui [2.1.100.20250418-1315]
[2026-09-21 09:44:14] Installing org.eclipse.m2e.launching [2.1.300.20260812-1852]
[2026-09-21 09:44:14] Installing org.eclipse.m2e.lemminx.feature.feature.group [2.6.101.20250727-0612]
[2026-09-21 09:44:14] Installing org.eclipse.m2e.lemminx.feature.feature.jar [2.6.101.20250727-0612]
[2026-09-21 09:44:14] Installing org.eclipse.m2e.logback [2.7.201.20260831-2044]
[2026-09-21 09:44:14] Installing org.eclipse.m2e.logback.feature.feature.group [2.7.300.20260831-2044]
[2026-09-21 09:44:14] Installing org.eclipse.m2e.logback.feature.feature.jar [2.7.300.20260831-2044]
[2026-09-21 09:44:14] Installing org.eclipse.m2e.maven.runtime [3.9.1601.20260722-2149]
[2026-09-21 09:44:14] Installing org.eclipse.m2e.mavenarchiver [2.1.100.20250418-1315]
[2026-09-21 09:44:14] Installing org.eclipse.m2e.model.edit [2.0.700.20250418-1315]
[2026-09-21 09:44:14] Installing org.eclipse.m2e.profiles.core [2.2.200.20251019-0931]
[2026-09-21 09:44:14] Installing org.eclipse.m2e.profiles.ui [2.1.100.20250418-1315]
[2026-09-21 09:44:14] Installing org.eclipse.m2e.refactoring [2.1.100.20250418-1315]
[2026-09-21 09:44:14] Installing org.eclipse.m2e.scm [2.1.100.20250418-1315]
[2026-09-21 09:44:14] Installing org.eclipse.m2e.sourcelookup [2.1.100.20250418-1315]
[2026-09-21 09:44:14] Installing org.eclipse.m2e.sourcelookup.ui [2.1.100.20250418-1315]
[2026-09-21 09:44:14] Installing org.eclipse.m2e.workspace.cli [0.4.0]
[2026-09-21 09:44:14] Installing org.eclipse.mylyn.builds.core [4.12.0.v20260604-0901]
[2026-09-21 09:44:14] Installing org.eclipse.mylyn.builds.feature.feature.group [4.12.0.v20260708-0909]
[2026-09-21 09:44:14] Installing org.eclipse.mylyn.builds.feature.feature.jar [4.12.0.v20260708-0909]
[2026-09-21 09:44:14] Installing org.eclipse.mylyn.builds.ui [4.12.0.v20260708-0909]
[2026-09-21 09:44:14] Installing org.eclipse.mylyn.commons.activity.feature.feature.group [4.12.0.v20260604-0901]
[2026-09-21 09:44:14] Installing org.eclipse.mylyn.commons.activity.feature.feature.jar [4.12.0.v20260604-0901]
[2026-09-21 09:44:14] Installing org.eclipse.mylyn.commons.activity.ui [4.12.0.v20260604-0901]
[2026-09-21 09:44:14] Installing org.eclipse.mylyn.commons.core [4.12.0.v20260826-1729]
[2026-09-21 09:44:14] Installing org.eclipse.mylyn.commons.feature.feature.group [4.12.0.v20260826-1729]
[2026-09-21 09:44:14] Installing org.eclipse.mylyn.commons.feature.feature.jar [4.12.0.v20260826-1729]
[2026-09-21 09:44:14] Installing org.eclipse.mylyn.commons.identity.core [4.12.0.v20260604-0901]
[2026-09-21 09:44:14] Installing org.eclipse.mylyn.commons.identity.feature.feature.group [4.12.0.v20260604-0901]
[2026-09-21 09:44:14] Installing org.eclipse.mylyn.commons.identity.feature.feature.jar [4.12.0.v20260604-0901]
[2026-09-21 09:44:14] Installing org.eclipse.mylyn.commons.identity.ui [4.12.0.v20260604-0901]
[2026-09-21 09:44:14] Installing org.eclipse.mylyn.commons.net [4.12.0.v20260710-0829]
[2026-09-21 09:44:14] Installing org.eclipse.mylyn.commons.notifications.core [4.12.0.v20260604-0901]
[2026-09-21 09:44:14] Installing org.eclipse.mylyn.commons.notifications.feature.feature.group [4.12.0.v20260626-0559]
[2026-09-21 09:44:14] Installing org.eclipse.mylyn.commons.notifications.feature.feature.jar [4.12.0.v20260626-0559]
[2026-09-21 09:44:14] Installing org.eclipse.mylyn.commons.notifications.feed [4.12.0.v20260626-0559]
[2026-09-21 09:44:14] Installing org.eclipse.mylyn.commons.notifications.ui [4.12.0.v20260604-0901]
[2026-09-21 09:44:14] Installing org.eclipse.mylyn.commons.repositories.core [4.12.0.v20260710-0829]
[2026-09-21 09:44:14] Installing org.eclipse.mylyn.commons.repositories.feature.feature.group [4.12.0.v20260710-0829]
[2026-09-21 09:44:14] Installing org.eclipse.mylyn.commons.repositories.feature.feature.jar [4.12.0.v20260710-0829]
[2026-09-21 09:44:14] Installing org.eclipse.mylyn.commons.repositories.http.core [4.12.0.v20260611-0525]
[2026-09-21 09:44:14] Installing org.eclipse.mylyn.commons.repositories.ui [4.12.0.v20260707-1606]
[2026-09-21 09:44:14] Installing org.eclipse.mylyn.commons.screenshots [4.12.0.v20260604-0901]
[2026-09-21 09:44:14] Installing org.eclipse.mylyn.commons.ui [4.12.0.v20260708-0909]
[2026-09-21 09:44:14] Installing org.eclipse.mylyn.commons.workbench [4.12.0.v20260707-1606]
[2026-09-21 09:44:14] Installing org.eclipse.mylyn.commons.xmlrpc [4.12.0.v20260604-0901]
[2026-09-21 09:44:14] Installing org.eclipse.mylyn.context.core [4.12.0.v20260604-0901]
[2026-09-21 09:44:14] Installing org.eclipse.mylyn.context.feature.feature.group [4.12.0.v20260708-0909]
[2026-09-21 09:44:14] Installing org.eclipse.mylyn.context.feature.feature.jar [4.12.0.v20260708-0909]
[2026-09-21 09:44:14] Installing org.eclipse.mylyn.context.tasks.ui [4.12.0.v20260604-0901]
[2026-09-21 09:44:14] Installing org.eclipse.mylyn.context.ui [4.12.0.v20260708-0909]
[2026-09-21 09:44:14] Installing org.eclipse.mylyn.debug.ui [4.12.0.v20260604-0901]
[2026-09-21 09:44:14] Installing org.eclipse.mylyn.egit.feature.feature.group [4.12.0.v20260604-0901]
[2026-09-21 09:44:14] Installing org.eclipse.mylyn.egit.feature.feature.jar [4.12.0.v20260604-0901]
[2026-09-21 09:44:14] Installing org.eclipse.mylyn.egit.ui [4.12.0.v20260604-0901]
[2026-09-21 09:44:14] Installing org.eclipse.mylyn.git.core [4.12.0.v20260604-0901]
[2026-09-21 09:44:14] Installing org.eclipse.mylyn.git.feature.feature.group [4.12.0.v20260701-1212]
[2026-09-21 09:44:14] Installing org.eclipse.mylyn.git.feature.feature.jar [4.12.0.v20260701-1212]
[2026-09-21 09:44:14] Installing org.eclipse.mylyn.git.ui [4.12.0.v20260701-1212]
[2026-09-21 09:44:14] Installing org.eclipse.mylyn.github.core [6.13.0.v20260720-0609]
[2026-09-21 09:44:14] Installing org.eclipse.mylyn.github.doc [6.13.0.v20260604-0901]
[2026-09-21 09:44:14] Installing org.eclipse.mylyn.github.feature.feature.group [6.13.0.v20260728-0523]
[2026-09-21 09:44:14] Installing org.eclipse.mylyn.github.feature.feature.jar [6.13.0.v20260728-0523]
[2026-09-21 09:44:14] Installing org.eclipse.mylyn.github.ui [6.13.0.v20260708-0909]
[2026-09-21 09:44:14] Installing org.eclipse.mylyn.help.ui [4.12.0.v20260604-0901]
[2026-09-21 09:44:14] Installing org.eclipse.mylyn.ide.ant [4.12.0.v20260604-0901]
[2026-09-21 09:44:14] Installing org.eclipse.mylyn.ide.feature.feature.group [4.12.0.v20260708-0909]
[2026-09-21 09:44:14] Installing org.eclipse.mylyn.ide.feature.feature.jar [4.12.0.v20260708-0909]
[2026-09-21 09:44:14] Installing org.eclipse.mylyn.ide.ui [4.12.0.v20260708-0909]
[2026-09-21 09:44:14] Installing org.eclipse.mylyn.java.tasks [4.12.0.v20260707-1606]
[2026-09-21 09:44:14] Installing org.eclipse.mylyn.java.ui [4.12.0.v20260713-1134]
[2026-09-21 09:44:14] Installing org.eclipse.mylyn.jdt.feature.feature.group [4.12.0.v20260713-1134]
[2026-09-21 09:44:14] Installing org.eclipse.mylyn.jdt.feature.feature.jar [4.12.0.v20260713-1134]
[2026-09-21 09:44:14] Installing org.eclipse.mylyn.jenkins.core [4.12.0.v20260826-1729]
[2026-09-21 09:44:14] Installing org.eclipse.mylyn.jenkins.feature.feature.group [4.12.0.v20260826-1729]
[2026-09-21 09:44:14] Installing org.eclipse.mylyn.jenkins.feature.feature.jar [4.12.0.v20260826-1729]
[2026-09-21 09:44:14] Installing org.eclipse.mylyn.jenkins.ui [4.12.0.v20260707-1606]
[2026-09-21 09:44:14] Installing org.eclipse.mylyn.monitor.core [4.12.0.v20260604-0901]
[2026-09-21 09:44:14] Installing org.eclipse.mylyn.monitor.feature.feature.group [4.12.0.v20260708-0909]
[2026-09-21 09:44:14] Installing org.eclipse.mylyn.monitor.feature.feature.jar [4.12.0.v20260708-0909]
[2026-09-21 09:44:14] Installing org.eclipse.mylyn.monitor.ui [4.12.0.v20260708-0909]
[2026-09-21 09:44:14] Installing org.eclipse.mylyn.resources.ui [4.12.0.v20260604-0901]
[2026-09-21 09:44:14] Installing org.eclipse.mylyn.reviews.core [4.12.0.v20260604-0901]
[2026-09-21 09:44:14] Installing org.eclipse.mylyn.reviews.edit [4.12.0.v20260604-0901]
[2026-09-21 09:44:14] Installing org.eclipse.mylyn.reviews.feature.feature.group [4.12.0.v20260721-0835]
[2026-09-21 09:44:14] Installing org.eclipse.mylyn.reviews.feature.feature.jar [4.12.0.v20260721-0835]
[2026-09-21 09:44:14] Installing org.eclipse.mylyn.reviews.ui [4.12.0.v20260721-0835]
[2026-09-21 09:44:14] Installing org.eclipse.mylyn.tasks.activity.core [4.12.0.v20260604-0901]
[2026-09-21 09:44:14] Installing org.eclipse.mylyn.tasks.activity.ui [4.12.0.v20260604-0901]
[2026-09-21 09:44:14] Installing org.eclipse.mylyn.tasks.bugs [4.12.0.v20260604-0901]
[2026-09-21 09:44:14] Installing org.eclipse.mylyn.tasks.core [4.12.0.v20260826-1729]
[2026-09-21 09:44:14] Installing org.eclipse.mylyn.tasks.feature.feature.group [4.12.0.v20260826-1729]
[2026-09-21 09:44:14] Installing org.eclipse.mylyn.tasks.feature.feature.jar [4.12.0.v20260826-1729]
[2026-09-21 09:44:14] Installing org.eclipse.mylyn.tasks.index.core [4.12.0.v20260604-0901]
[2026-09-21 09:44:14] Installing org.eclipse.mylyn.tasks.index.ui [4.12.0.v20260604-0901]
[2026-09-21 09:44:14] Installing org.eclipse.mylyn.tasks.search [4.12.0.v20260604-0901]
[2026-09-21 09:44:14] Installing org.eclipse.mylyn.tasks.ui [4.12.0.v20260721-0835]
[2026-09-21 09:44:14] Installing org.eclipse.mylyn.team.feature.feature.group [4.12.0.v20260712-0739]
[2026-09-21 09:44:14] Installing org.eclipse.mylyn.team.feature.feature.jar [4.12.0.v20260712-0739]
[2026-09-21 09:44:14] Installing org.eclipse.mylyn.team.ui [4.12.0.v20260712-0739]
[2026-09-21 09:44:14] Installing org.eclipse.mylyn.versions.core [4.12.0.v20260826-1729]
[2026-09-21 09:44:14] Installing org.eclipse.mylyn.versions.feature.feature.group [4.12.0.v20260826-1729]
[2026-09-21 09:44:14] Installing org.eclipse.mylyn.versions.feature.feature.jar [4.12.0.v20260826-1729]
[2026-09-21 09:44:14] Installing org.eclipse.mylyn.versions.ui [4.12.0.v20260604-0901]
[2026-09-21 09:44:14] Installing org.eclipse.mylyn.wikitext [4.12.0.v20260819-1641]
[2026-09-21 09:44:14] Installing org.eclipse.mylyn.wikitext.ant [4.12.0.v20260604-0901]
[2026-09-21 09:44:14] Installing org.eclipse.mylyn.wikitext.asciidoc [4.12.0.v20260819-1415]
[2026-09-21 09:44:14] Installing org.eclipse.mylyn.wikitext.asciidoc.ui [4.12.0.v20260819-1415]
[2026-09-21 09:44:14] Installing org.eclipse.mylyn.wikitext.confluence [4.12.0.v20260604-0901]
[2026-09-21 09:44:14] Installing org.eclipse.mylyn.wikitext.confluence.ui [4.12.0.v20260604-0901]
[2026-09-21 09:44:14] Installing org.eclipse.mylyn.wikitext.context.ui [4.12.0.v20260604-0901]
[2026-09-21 09:44:14] Installing org.eclipse.mylyn.wikitext.feature.feature.group [4.12.0.v20260819-1641]
[2026-09-21 09:44:14] Installing org.eclipse.mylyn.wikitext.feature.feature.jar [4.12.0.v20260819-1641]
[2026-09-21 09:44:14] Installing org.eclipse.mylyn.wikitext.help.ui [4.12.0.v20260819-0832]
[2026-09-21 09:44:14] Installing org.eclipse.mylyn.wikitext.html [4.12.0.v20260819-1509]
[2026-09-21 09:44:14] Installing org.eclipse.mylyn.wikitext.markdown [4.12.0.v20260708-1502]
[2026-09-21 09:44:14] Installing org.eclipse.mylyn.wikitext.markdown.ui [4.12.0.v20260604-0901]
[2026-09-21 09:44:14] Installing org.eclipse.mylyn.wikitext.mediawiki [4.12.0.v20260604-1236]
[2026-09-21 09:44:14] Installing org.eclipse.mylyn.wikitext.mediawiki.ui [4.12.0.v20260604-0901]
[2026-09-21 09:44:14] Installing org.eclipse.mylyn.wikitext.osgi [4.12.0.v20260604-0901]
[2026-09-21 09:44:14] Installing org.eclipse.mylyn.wikitext.tasks.ui [4.12.0.v20260604-0901]
[2026-09-21 09:44:14] Installing org.eclipse.mylyn.wikitext.textile [4.12.0.v20260604-0901]
[2026-09-21 09:44:14] Installing org.eclipse.mylyn.wikitext.textile.ui [4.12.0.v20260604-0901]
[2026-09-21 09:44:14] Installing org.eclipse.mylyn.wikitext.tracwiki [4.12.0.v20260604-0901]
[2026-09-21 09:44:14] Installing org.eclipse.mylyn.wikitext.tracwiki.ui [4.12.0.v20260604-0901]
[2026-09-21 09:44:14] Installing org.eclipse.mylyn.wikitext.twiki [4.12.0.v20260604-0901]
[2026-09-21 09:44:14] Installing org.eclipse.mylyn.wikitext.twiki.ui [4.12.0.v20260604-0901]
[2026-09-21 09:44:14] Installing org.eclipse.mylyn.wikitext.ui [4.12.0.v20260808-0531]
[2026-09-21 09:44:14] Installing org.eclipse.nebula.cwt [1.1.0.202509131601]
[2026-09-21 09:44:14] Installing org.eclipse.nebula.widgets.cdatetime [1.5.0.202509131601]
[2026-09-21 09:44:14] Installing org.eclipse.nebula.widgets.tablecombo [1.2.0.202402011804]
[2026-09-21 09:44:14] Installing org.eclipse.oomph.base [1.18.0.v20230617-1322]
[2026-09-21 09:44:14] Installing org.eclipse.oomph.base.edit [1.18.0.v20240826-0747]
[2026-09-21 09:44:14] Installing org.eclipse.oomph.extractor.lib [1.10.0.v20250206-1413]
[2026-09-21 09:44:14] Installing org.eclipse.oomph.jreinfo [1.21.0.v20250228-0749]
[2026-09-21 09:44:14] Installing org.eclipse.oomph.jreinfo.ui [1.20.0.v20260212-1311]
[2026-09-21 09:44:14] Installing org.eclipse.oomph.p2 [1.17.0.v20230617-1322]
[2026-09-21 09:44:14] Installing org.eclipse.oomph.p2.core [1.35.0.v20260830-1513]
[2026-09-21 09:44:14] Installing org.eclipse.oomph.p2.doc [1.14.0.v20230625-0755]
[2026-09-21 09:44:14] Installing org.eclipse.oomph.p2.edit [1.17.0.v20230204-0932]
[2026-09-21 09:44:14] Installing org.eclipse.oomph.p2.feature.group [1.37.0.v20260830-1513]
[2026-09-21 09:44:14] Installing org.eclipse.oomph.p2.feature.jar [1.37.0.v20260830-1513]
[2026-09-21 09:44:14] Installing org.eclipse.oomph.p2.ui [1.24.0.v20250805-0700]
[2026-09-21 09:44:14] Installing org.eclipse.oomph.predicates [1.19.0.v20241013-1021]
[2026-09-21 09:44:14] Installing org.eclipse.oomph.predicates.edit [1.15.0.v20230416-0642]
[2026-09-21 09:44:14] Installing org.eclipse.oomph.preferences [1.15.0.v20250411-0846]
[2026-09-21 09:44:14] Installing org.eclipse.oomph.resources [1.21.0.v20241013-1019]
[2026-09-21 09:44:14] Installing org.eclipse.oomph.resources.edit [1.16.0.v20240927-1011]
[2026-09-21 09:44:14] Installing org.eclipse.oomph.setup [1.35.0.v20260610-1138]
[2026-09-21 09:44:14] Installing org.eclipse.oomph.setup.core [1.37.0.v20260831-1248]
[2026-09-21 09:44:14] Installing org.eclipse.oomph.setup.core.feature.group [1.38.0.v20260831-1248]
[2026-09-21 09:44:14] Installing org.eclipse.oomph.setup.core.feature.jar [1.38.0.v20260831-1248]
[2026-09-21 09:44:14] Installing org.eclipse.oomph.setup.doc [1.15.0.v20250302-1233]
[2026-09-21 09:44:14] Installing org.eclipse.oomph.setup.edit [1.21.0.v20260311-1103]
[2026-09-21 09:44:14] Installing org.eclipse.oomph.setup.editor [1.33.0.v20260901-1411]
[2026-09-21 09:44:14] Installing org.eclipse.oomph.setup.feature.group [1.40.0.v20260901-1411]
[2026-09-21 09:44:14] Installing org.eclipse.oomph.setup.feature.jar [1.40.0.v20260901-1411]
[2026-09-21 09:44:14] Installing org.eclipse.oomph.setup.p2 [1.25.0.v20260721-1315]
[2026-09-21 09:44:14] Installing org.eclipse.oomph.setup.p2.edit [1.16.0.v20230617-1322]
[2026-09-21 09:44:14] Installing org.eclipse.oomph.setup.sync [1.20.0.v20260428-0836]
[2026-09-21 09:44:14] Installing org.eclipse.oomph.setup.ui [1.38.0.v20260720-1056]
[2026-09-21 09:44:14] Installing org.eclipse.oomph.setup.ui.questionnaire [1.14.0.v20250518-0704]
[2026-09-21 09:44:14] Installing org.eclipse.oomph.ui [1.26.0.v20260610-1138]
[2026-09-21 09:44:14] Installing org.eclipse.oomph.util [1.28.0.v20260703-0818]
[2026-09-21 09:44:14] Installing org.eclipse.oomph.workingsets [1.14.0.v20230617-1322]
[2026-09-21 09:44:14] Installing org.eclipse.oomph.workingsets.edit [1.13.0.v20230204-0932]
[2026-09-21 09:44:14] Installing org.eclipse.oomph.workingsets.editor [1.17.0.v20250218-0822]
[2026-09-21 09:44:14] Installing org.eclipse.orbit.xml-apis-ext [1.0.0.v20240917-0534]
[2026-09-21 09:44:14] Installing org.eclipse.osgi [3.24.300.v20260721-1251]
[2026-09-21 09:44:14] Installing org.eclipse.osgi.compatibility.state [1.3.0.v20251022-1724]
[2026-09-21 09:44:14] Installing org.eclipse.osgi.util [3.7.400.v20250516-0916]
[2026-09-21 09:44:15] Installing org.eclipse.pde.runtime [3.9.200.v20260806-0641]
[2026-09-21 09:44:15] Installing org.eclipse.platform [4.41.0.v20260828-1142]
[2026-09-21 09:44:15] Installing org.eclipse.platform.doc.user [4.41.0.v20260529-2046]
[2026-09-21 09:44:15] Installing org.eclipse.platform.feature.group [4.41.0.v20260828-1142]
[2026-09-21 09:44:15] Installing org.eclipse.platform.feature.jar [4.41.0.v20260828-1142]
[2026-09-21 09:44:15] Installing org.eclipse.platform_root [4.41.0.v20260828-1142]
[2026-09-21 09:44:15] Installing org.eclipse.rcp [4.41.0.v20260828-1142]
[2026-09-21 09:44:15] Installing org.eclipse.rcp.feature.group [4.41.0.v20260828-1142]
[2026-09-21 09:44:15] Installing org.eclipse.rcp.feature.jar [4.41.0.v20260828-1142]
[2026-09-21 09:44:15] Installing org.eclipse.search [3.19.0.v20260427-1401]
[2026-09-21 09:44:15] Installing org.eclipse.search.core [3.16.700.v20260505-0615]
[2026-09-21 09:44:15] Installing org.eclipse.swt [3.135.0.v20260819-1952]
[2026-09-21 09:44:15] Installing org.eclipse.swt.svg [3.133.100.v20260702-1546]
[2026-09-21 09:44:15] Installing org.eclipse.swt.win32.win32.x86_64 [3.135.0.v20260819-1952]
[2026-09-21 09:44:15] Installing org.eclipse.team.core [3.10.1100.v20260612-1500]
[2026-09-21 09:44:15] Installing org.eclipse.team.genericeditor.diff.extension [1.3.100.v20260611-0755]
[2026-09-21 09:44:15] Installing org.eclipse.team.ui [3.12.200.v20260608-1918]
[2026-09-21 09:44:15] Installing org.eclipse.terminal.connector.local [1.1.200.v20260812-1204]
[2026-09-21 09:44:15] Installing org.eclipse.terminal.connector.process [1.1.0.v20251219-1227]
[2026-09-21 09:44:15] Installing org.eclipse.terminal.connector.ssh [1.1.100.v20260605-1527]
[2026-09-21 09:44:15] Installing org.eclipse.terminal.connector.telnet [1.1.100.v20260605-1526]
[2026-09-21 09:44:15] Installing org.eclipse.terminal.control [1.1.200.v20260806-1357]
[2026-09-21 09:44:15] Installing org.eclipse.terminal.feature.feature.group [1.0.400.v20260812-1204]
[2026-09-21 09:44:15] Installing org.eclipse.terminal.feature.feature.jar [1.0.400.v20260812-1204]
[2026-09-21 09:44:15] Installing org.eclipse.terminal.view.core [1.0.100.v20251222-1406]
[2026-09-21 09:44:15] Installing org.eclipse.terminal.view.ui [1.1.200.v20260812-1204]
[2026-09-21 09:44:15] Installing org.eclipse.text [3.14.800.v20260815-0849]
[2026-09-21 09:44:15] Installing org.eclipse.text.quicksearch [1.3.600.v20260805-1342]
[2026-09-21 09:44:15] Installing org.eclipse.tips.core [0.3.500.v20260608-0528]
[2026-09-21 09:44:15] Installing org.eclipse.tips.feature.feature.group [0.4.1000.v20260609-1525]
[2026-09-21 09:44:15] Installing org.eclipse.tips.feature.feature.jar [0.4.1000.v20260609-1525]
[2026-09-21 09:44:15] Installing org.eclipse.tips.ide [0.4.100.v20260430-1313]
[2026-09-21 09:44:15] Installing org.eclipse.tips.json [0.3.500.v20260608-1108]
[2026-09-21 09:44:15] Installing org.eclipse.tips.ui [0.4.200.v20260609-1525]
[2026-09-21 09:44:15] Installing org.eclipse.tm4e.core [0.18.0.202608200919]
[2026-09-21 09:44:15] Installing org.eclipse.tm4e.feature.feature.group [0.18.0.202608200919]
[2026-09-21 09:44:15] Installing org.eclipse.tm4e.feature.feature.jar [0.18.0.202608200919]
[2026-09-21 09:44:15] Installing org.eclipse.tm4e.language_pack [0.18.0.202608200919]
[2026-09-21 09:44:15] Installing org.eclipse.tm4e.language_pack.feature.feature.group [0.18.0.202608200919]
[2026-09-21 09:44:15] Installing org.eclipse.tm4e.language_pack.feature.feature.jar [0.18.0.202608200919]
[2026-09-21 09:44:15] Installing org.eclipse.tm4e.languageconfiguration [0.18.0.202608200919]
[2026-09-21 09:44:15] Installing org.eclipse.tm4e.markdown [0.18.0.202608200919]
[2026-09-21 09:44:15] Installing org.eclipse.tm4e.registry [0.18.0.202608200919]
[2026-09-21 09:44:15] Installing org.eclipse.tm4e.ui [0.18.0.202608200919]
[2026-09-21 09:44:15] Installing org.eclipse.ui [3.209.100.v20260703-0856]
[2026-09-21 09:44:15] Installing org.eclipse.ui.browser [3.9.200.v20260703-1200]
[2026-09-21 09:44:15] Installing org.eclipse.ui.cheatsheets [3.9.200.v20260710-0925]
[2026-09-21 09:44:15] Installing org.eclipse.ui.console [3.17.100.v20260804-1532]
[2026-09-21 09:44:15] Installing org.eclipse.ui.editors [3.22.100.v20260707-0708]
[2026-09-21 09:44:15] Installing org.eclipse.ui.externaltools [3.7.100.v20260326-0937]
[2026-09-21 09:44:15] Installing org.eclipse.ui.forms [3.14.200.v20260625-1839]
[2026-09-21 09:44:15] Installing org.eclipse.ui.genericeditor [1.4.100.v20260516-1214]
[2026-09-21 09:44:15] Installing org.eclipse.ui.ide [3.23.200.v20260822-1631]
[2026-09-21 09:44:15] Installing org.eclipse.ui.ide.application [1.6.200.v20260704-1759]
[2026-09-21 09:44:15] Installing org.eclipse.ui.intro [3.8.200.v20260710-0925]
[2026-09-21 09:44:15] Installing org.eclipse.ui.intro.quicklinks [1.3.100.v20260610-0649]
[2026-09-21 09:44:15] Installing org.eclipse.ui.intro.universal [3.6.200.v20260710-0925]
[2026-09-21 09:44:15] Installing org.eclipse.ui.monitoring [1.4.0.v20251218-1237]
[2026-09-21 09:44:15] Installing org.eclipse.ui.navigator [3.14.200.v20260731-0659]
[2026-09-21 09:44:15] Installing org.eclipse.ui.navigator.resources [3.10.100.v20260421-0620]
[2026-09-21 09:44:15] Installing org.eclipse.ui.net [1.6.0.v20251219-1227]
[2026-09-21 09:44:15] Installing org.eclipse.ui.themes [1.3.0.v20260508-0854]
[2026-09-21 09:44:15] Installing org.eclipse.ui.trace [1.4.0.v20251230-0845]
[2026-09-21 09:44:15] Installing org.eclipse.ui.views [3.13.200.v20260703-1200]
[2026-09-21 09:44:15] Installing org.eclipse.ui.views.log [1.5.200.v20260822-1631]
[2026-09-21 09:44:15] Installing org.eclipse.ui.views.properties.tabbed [3.11.0.v20251217-0909]
[2026-09-21 09:44:15] Installing org.eclipse.ui.win32 [3.5.400.v20250925-0610]
[2026-09-21 09:44:15] Installing org.eclipse.ui.workbench [3.140.0.v20260810-1402]
[2026-09-21 09:44:15] Installing org.eclipse.ui.workbench.texteditor [3.20.200.v20260728-1331]
[2026-09-21 09:44:15] Installing org.eclipse.update.configurator [3.5.1100.v20260810-1743]
[2026-09-21 09:44:15] Installing org.eclipse.urischeme [1.3.600.v20251023-1158]
[2026-09-21 09:44:15] Installing org.eclipse.wildwebdeveloper.xml [1.3.9.202606290658]
[2026-09-21 09:44:15] Installing org.eclipse.wildwebdeveloper.xml.feature.feature.group [1.3.9.202606290658]
[2026-09-21 09:44:15] Installing org.eclipse.wildwebdeveloper.xml.feature.feature.jar [1.3.9.202606290658]
[2026-09-21 09:44:15] Installing org.eclipse.wst.common.core [1.4.100.v202508180220]
[2026-09-21 09:44:15] Installing org.eclipse.wst.common.emf [1.2.800.v202508180220]
[2026-09-21 09:44:15] Installing org.eclipse.wst.common.environment [1.1.0.v202308161955]
[2026-09-21 09:44:15] Installing org.eclipse.wst.common.frameworks [1.3.0.v202308161955]
[2026-09-21 09:44:15] Installing org.eclipse.wst.common.uriresolver [1.4.0.v202308161955]
[2026-09-21 09:44:15] Installing org.eclipse.wst.sse.core [1.2.1600.v202606202057]
[2026-09-21 09:44:15] Installing org.eclipse.wst.xml.core [1.2.1100.v202606202057]
[2026-09-21 09:44:15] Installing org.glassfish.hk2.osgi-resource-locator [3.0.0]
[2026-09-21 09:44:15] Installing org.gradle.toolingapi [8.9.0.v20250904-1000]
[2026-09-21 09:44:15] Installing org.hamcrest [3.0.0]
[2026-09-21 09:44:15] Installing org.jacoco.agent [0.8.15.202606040825]
[2026-09-21 09:44:15] Installing org.jacoco.core [0.8.15.202606040825]
[2026-09-21 09:44:15] Installing org.jacoco.report [0.8.15.202606040825]
[2026-09-21 09:44:15] Installing org.jcodings [1.0.64.v20260220-1000]
[2026-09-21 09:44:15] Installing org.jdom2 [2.0.6.v20230720-0727]
[2026-09-21 09:44:15] Installing org.joni [2.2.7.v20260225-1000]
[2026-09-21 09:44:15] Installing org.jsoup [1.23.1]
[2026-09-21 09:44:15] Installing org.junit [4.13.2.v20240929-1000]
[2026-09-21 09:44:15] Installing org.mortbay.jasper.mortbay-apache-el [9.0.119]
[2026-09-21 09:44:15] Installing org.mortbay.jasper.mortbay-apache-jsp [9.0.119]
[2026-09-21 09:44:15] Installing org.objectweb.asm [9.10.1]
[2026-09-21 09:44:15] Installing org.objectweb.asm.commons [9.10.1]
[2026-09-21 09:44:15] Installing org.objectweb.asm.tree [9.10.1]
[2026-09-21 09:44:15] Installing org.objectweb.asm.tree.analysis [9.10.1]
[2026-09-21 09:44:15] Installing org.objectweb.asm.util [9.10.1]
[2026-09-21 09:44:15] Installing org.opentest4j [1.3.0]
[2026-09-21 09:44:15] Installing org.osgi.service.cm [1.6.1.202109301733]
[2026-09-21 09:44:15] Installing org.osgi.service.component [1.5.1.202212101352]
[2026-09-21 09:44:15] Installing org.osgi.service.device [1.1.1.202109301733]
[2026-09-21 09:44:15] Installing org.osgi.service.event [1.4.1.202109301733]
[2026-09-21 09:44:15] Installing org.osgi.service.http.whiteboard [1.1.1.202109301733]
[2026-09-21 09:44:15] Installing org.osgi.service.metatype [1.4.1.202109301733]
[2026-09-21 09:44:15] Installing org.osgi.service.prefs [1.1.2.202109301733]
[2026-09-21 09:44:15] Installing org.osgi.service.provisioning [1.2.0.201505202024]
[2026-09-21 09:44:15] Installing org.osgi.service.repository [1.1.0.201505202024]
[2026-09-21 09:44:15] Installing org.osgi.service.upnp [1.2.1.202109301733]
[2026-09-21 09:44:15] Installing org.osgi.service.useradmin [1.1.1.202109301733]
[2026-09-21 09:44:15] Installing org.osgi.service.wireadmin [1.0.2.202109301733]
[2026-09-21 09:44:15] Installing org.osgi.util.function [1.2.0.202109301733]
[2026-09-21 09:44:15] Installing org.osgi.util.measurement [1.0.2.201802012109]
[2026-09-21 09:44:15] Installing org.osgi.util.position [1.0.1.201505202026]
[2026-09-21 09:44:15] Installing org.osgi.util.promise [1.3.0.202212101352]
[2026-09-21 09:44:15] Installing org.osgi.util.xml [1.0.2.202109301733]
[2026-09-21 09:44:15] Installing org.sat4j.core [2.3.6.v20201214]
[2026-09-21 09:44:15] Installing org.sat4j.pb [2.3.6.v20201214]
[2026-09-21 09:44:15] Installing org.snakeyaml.engine [2.10.0]
[2026-09-21 09:44:15] Installing org.tukaani.xz [1.12.0]
[2026-09-21 09:44:15] Installing slf4j.api [2.0.18]
[2026-09-21 09:44:15] Installing tooling.org.eclipse.update.feature.default [1.0.0]
[2026-09-21 09:44:15] Installing tooling.osgi.bundle.default [1.0.0]
[2026-09-21 09:44:15] Installing tooling.source.default [1.0.0]
[2026-09-21 09:44:15] Installing toolingepp.package.java.application [4.41.0.20260903-0719]
[2026-09-21 09:44:15] Installing toolingepp.package.java.config.win32.win32.x86_64 [4.41.0.20260903-0719]
[2026-09-21 09:44:15] Installing toolingepp.package.java.configuration [4.41.0.20260903-0719]
[2026-09-21 09:44:15] Installing toolingepp.package.java.executable.win32.win32.x86_64 [4.41.0.20260903-0719]
[2026-09-21 09:44:15] Installing toolingepp.package.java.ini.win32.win32.x86_64 [4.41.0.20260903-0719]
[2026-09-21 09:44:15] Installing toolingorg.eclipse.equinox.launcher [1.8.0.v20260804-1928]
[2026-09-21 09:44:15] Installing toolingorg.eclipse.equinox.launcher.win32.win32.x86_64 [1.3.100.v20260804-1928]
[2026-09-21 09:44:15] Installing toolingwin32.win32.x86_64org.apache.aries.spifly.dynamic.bundle [4.41.0.20260903-0719]
[2026-09-21 09:44:15] Installing toolingwin32.win32.x86_64org.apache.felix.scr [4.41.0.20260903-0719]
[2026-09-21 09:44:15] Installing toolingwin32.win32.x86_64org.eclipse.core.runtime [4.41.0.20260903-0719]
[2026-09-21 09:44:15] Installing toolingwin32.win32.x86_64org.eclipse.equinox.common [4.41.0.20260903-0719]
[2026-09-21 09:44:15] Installing toolingwin32.win32.x86_64org.eclipse.equinox.event [4.41.0.20260903-0719]
[2026-09-21 09:44:15] Installing toolingwin32.win32.x86_64org.eclipse.equinox.p2.reconciler.dropins [4.41.0.20260903-0719]
[2026-09-21 09:44:15] Installing toolingwin32.win32.x86_64org.eclipse.equinox.simpleconfigurator [4.41.0.20260903-0719]
[2026-09-21 09:44:15] Preparing to commit the provisioning operation.
[2026-09-21 09:44:16] Committing the provisioning operation.
[2026-09-21 09:44:18] Performing Eclipse Ini --launcher.appendVmargs
[2026-09-21 09:44:18] Performing Eclipse Ini -Declipse.p2.max.threads=10
[2026-09-21 09:44:18] Changing C:\25 aug 2026 Java Backend\Wrokspace\eclipse\eclipse.ini (-Declipse.p2.max.threads=10)
[2026-09-21 09:44:18] Performing Eclipse Ini -Doomph.update.url=https://download.eclipse.org/oomph/updates/milestone/latest
[2026-09-21 09:44:18] Changing C:\25 aug 2026 Java Backend\Wrokspace\eclipse\eclipse.ini (-Doomph.update.url=https://download.eclipse.org/oomph/updates/milestone/latest)
[2026-09-21 09:44:18] Performing Eclipse Ini -Doomph.redirection.index.redirection=index:/->https://raw.githubusercontent.com/eclipse-oomph/oomph/master/setups/
[2026-09-21 09:44:18] Changing C:\25 aug 2026 Java Backend\Wrokspace\eclipse\eclipse.ini (-Doomph.redirection.index.redirection=index:/->https://raw.githubusercontent.com/eclipse-oomph/oomph/master/setups/)
[2026-09-21 09:44:18] Performing Eclipse Ini --add-opens=java.base/java.lang=ALL-UNNAMED
[2026-09-21 09:44:18] Changing C:\25 aug 2026 Java Backend\Wrokspace\eclipse\eclipse.ini (--add-opens=java.base/java.lang=ALL-UNNAMED)
[2026-09-21 09:44:18] Performing Eclipse Ini -Djava.security.manager=disallow
[2026-09-21 09:44:18] Changing C:\25 aug 2026 Java Backend\Wrokspace\eclipse\eclipse.ini (-Djava.security.manager=disallow)
[2026-09-21 09:44:18] Performing post bootstrap tasks
[2026-09-21 09:44:18] 
